// Jest Snapshot v1, https://goo.gl/fbAQLP

exports[`NoteListMain component renders a .NoteListMain by default 1`] = `
<section
  className="NoteListMain"
>
  <ul />
  <div
    className="NoteListMain__button-container"
  >
    <NavCircleButton
      className="NoteListMain__add-note-button"
      tag={
        Object {
          "$$typeof": Symbol(react.forward_ref),
          "propTypes": Object {
            "innerRef": [Function],
            "onClick": [Function],
            "replace": [Function],
            "target": [Function],
            "to": [Function],
          },
          "render": [Function],
        }
      }
      to="/add-note"
      type="button"
    >
      <FontAwesomeIcon
        border={false}
        className=""
        fixedWidth={false}
        flip={null}
        icon="plus"
        inverse={false}
        listItem={false}
        mask={null}
        pull={null}
        pulse={false}
        rotation={null}
        size={null}
        spin={false}
        swapOpacity={false}
        symbol={false}
        title=""
        transform={null}
      />
      <br />
      Note
    </NavCircleButton>
  </div>
</section>
`;

exports[`NoteListMain component renders a Note in ul for each notes in array 1`] = `<ul />`;
